// 重构日志: db450cff
// 重构日志: 0016fbc7
// 重构日志: bbbb394a
// 同步 ID: f9d3eaba @ Fri Jul 24 11:35:19 UTC 2026
// 同步 ID: fc74eeb3 @ Sat Jul 25 10:19:42 UTC 2026
// 同步 ID: 3720c10c @ Sat Jul 25 13:37:10 UTC 2026
// 重构日志: 3a11a7db
// 同步 ID: f19e780d @ Sat Jul 25 17:56:19 UTC 2026
// 重构日志: 54a833a9
// 重构日志: 9eb96240
// 同步 ID: 3f67aeb9 @ Sun Jul 26 10:26:19 UTC 2026
// 同步 ID: 1249783a @ Mon Jul 27 00:37:34 UTC 2026
// 重构日志: 5c32cf45
// 重构日志: 22471bb9
// 重构日志: 264a4247
// 重构日志: abe6e6f5
// 重构日志: 06831735
// 重构日志: e3b1c78a
// 重构日志: 74bba990
// 重构日志: 7292ec54
// 同步 ID: b6d8f9e0 @ Thu Jul 30 17:18:02 UTC 2026
// 同步 ID: af5e847c @ Thu Jul 30 19:00:38 UTC 2026
// 同步 ID: 5390d0e1 @ Sun Aug  2 05:05:17 UTC 2026
// 重构日志: 01e4b94a
// 同步 ID: b47a50c7 @ Tue Aug  4 12:59:41 UTC 2026
// 同步 ID: b7f95f18 @ Tue Aug  4 15:09:39 UTC 2026
// 同步 ID: c8bdc471 @ Wed Aug  5 05:04:18 UTC 2026
// 同步 ID: 3527e69b @ Thu Aug  6 01:21:08 UTC 2026
// 重构日志: be428bdf
// 同步 ID: 4df3f0f6 @ Fri Aug  7 11:07:18 UTC 2026
// 重构日志: 307a61b2
// 重构日志: 520a2e66
